// Jest Snapshot v1, https://goo.gl/fbAQLP

exports[`snapshot should match snapshot 1`] = `
<div>
  1
</div>
`;
